# *** IR Dump Before Lower MOS Select pseudo-instruction (mos-lower-select) ***:
# Machine code for function f: IsSSA, TracksLiveness, Legalized

bb.1.entry:
  liveins: $a, $x
  %1:_(s8) = COPY $a
  %2:_(s8) = COPY $x
  %8:_(s8) = G_CONSTANT i8 0
  %10:_(s1) = G_CONSTANT i1 true
  %27:_(s8), %28:_(s1), %29:_, %30:_, %31:_ = G_SBC %2:_, %8:_, %10:_
  %19:_(s1) = G_CONSTANT i1 false
  %21:_(s8), %22:_(s1), %23:_, %24:_, %25:_ = G_SBC %1:_, %8:_, %10:_
  %26:_(s1) = G_SELECT %25:_(s1), %10:_, %19:_
  %9:_(s1) = G_SELECT %31:_(s1), %26:_, %19:_
  %12:_(s8) = G_CONSTANT i8 1
  %13:_(s8) = G_SELECT %9:_(s1), %8:_, %12:_
  $a = COPY %13:_(s8)
  $x = COPY %8:_(s8)
  RTS implicit $a, implicit $x

# End machine code for function f.

# *** IR Dump After Lower MOS Select pseudo-instruction (mos-lower-select) ***:
# Machine code for function f: IsSSA, TracksLiveness, Legalized

bb.1.entry:
  successors: %bb.5(0x40000000), %bb.6(0x40000000); %bb.5(50.00%), %bb.6(50.00%)
  liveins: $a, $x
  %1:_(s8) = COPY $a
  %2:_(s8) = COPY $x
  %8:_(s8) = G_CONSTANT i8 0
  %10:_(s1) = G_CONSTANT i1 true
  %27:_(s8), %28:_(s1), %29:_, %30:_, %31:_ = G_SBC %2:_, %8:_, %10:_
  G_BRCOND_IMM %31:_(s1), %bb.5, 1
  G_BR %bb.6

bb.5.entry:
; predecessors: %bb.1
  successors: %bb.8(0x40000000), %bb.9(0x40000000); %bb.8(50.00%), %bb.9(50.00%)

  %21:_(s8), %22:_(s1), %23:_, %24:_, %25:_ = G_SBC %1:_, %8:_, %10:_
  G_BRCOND_IMM %25:_(s1), %bb.8, 1
  G_BR %bb.9

bb.8.entry:
; predecessors: %bb.5
  successors: %bb.2(0x80000000); %bb.2(100.00%)

  G_BR %bb.2

bb.9.entry:
; predecessors: %bb.5
  successors: %bb.10(0x80000000); %bb.10(100.00%)

  %19:_(s1) = G_CONSTANT i1 false
  G_BR %bb.10

bb.10.entry:
; predecessors: %bb.9
  successors: %bb.7(0x80000000); %bb.7(100.00%)

  G_BR %bb.7

bb.6.entry:
; predecessors: %bb.1
  successors: %bb.7(0x80000000); %bb.7(100.00%)

  G_BR %bb.7

bb.7.entry:
; predecessors: %bb.6, %bb.10
  successors: %bb.3(0x80000000); %bb.3(100.00%)

  G_BR %bb.3

bb.2.entry:
; predecessors: %bb.8
  successors: %bb.4(0x80000000); %bb.4(100.00%)

  G_BR %bb.4

bb.3.entry:
; predecessors: %bb.7
  successors: %bb.4(0x80000000); %bb.4(100.00%)

  %12:_(s8) = G_CONSTANT i8 1
  G_BR %bb.4

bb.4.entry:
; predecessors: %bb.2, %bb.3

  %13:_(s8) = G_PHI %8:_(s8), %bb.2, %12:_(s8), %bb.3
  $a = COPY %13:_(s8)
  $x = COPY %8:_(s8)
  RTS implicit $a, implicit $x

# End machine code for function f.

