*** IR Dump After Analysis containing CSE Info (cseinfo) on f omitted because no change ***
*** IR Dump After IRTranslator (irtranslator) on f ***
# Machine code for function f: IsSSA, TracksLiveness

bb.1.entry:
  liveins: $a, $x
  %1:_(s8) = COPY $a
  %2:_(s8) = COPY $x
  %0:_(s16) = G_MERGE_VALUES %1:_(s8), %2:_(s8)
  %3:_(s16) = G_CONSTANT i16 0
  %4:_(s1) = G_ICMP intpred(ne), %0:_(s16), %3:_
  %5:_(s16) = G_ZEXT %4:_(s1)
  %6:_(s8), %7:_(s8) = G_UNMERGE_VALUES %5:_(s16)
  $a = COPY %6:_(s8)
  $x = COPY %7:_(s8)
  RTS implicit $a, implicit $x

# End machine code for function f.

*** IR Dump After Analysis for ComputingKnownBits (gisel-known-bits) on f omitted because no change ***
*** IR Dump After MachineDominator Tree Construction (machinedomtree) on f omitted because no change ***
*** IR Dump After Analysis containing CSE Info (cseinfo) on f omitted because no change ***
*** IR Dump After MOSCombiner (mos-combiner) on f ***
# Machine code for function f: IsSSA, TracksLiveness

bb.1.entry:
  liveins: $a, $x
  %1:_(s8) = COPY $a
  %2:_(s8) = COPY $x
  %0:_(s16) = G_MERGE_VALUES %1:_(s8), %2:_(s8)
  %3:_(s16) = G_CONSTANT i16 0
  %4:_(s1) = G_ICMP intpred(ne), %0:_(s16), %3:_
  %6:_(s8) = G_ZEXT %4:_(s1)
  %8:_(s8) = G_CONSTANT i8 0
  $a = COPY %6:_(s8)
  $x = COPY %8:_(s8)
  RTS implicit $a, implicit $x

# End machine code for function f.

*** IR Dump After Optimize MOS Increment/Decrement PHI pattern (mos-incdecphi) on f omitted because no change ***
*** IR Dump After MachineDominator Tree Construction (machinedomtree) on f omitted because no change ***
*** IR Dump After MOS Shift/Rotate Chaining (mos-shift-rotate-chain) on f omitted because no change ***
*** IR Dump After Analysis containing CSE Info (cseinfo) on f omitted because no change ***
*** IR Dump After Analysis for ComputingKnownBits (gisel-known-bits) on f omitted because no change ***
*** IR Dump After Legalizer (legalizer) on f ***
# Machine code for function f: IsSSA, TracksLiveness, Legalized

bb.1.entry:
  liveins: $a, $x
  %1:_(s8) = COPY $a
  %2:_(s8) = COPY $x
  %8:_(s8) = G_CONSTANT i8 0
  %10:_(s1) = G_CONSTANT i1 true
  %27:_(s8), %28:_(s1), %29:_, %30:_, %31:_ = G_SBC %2:_, %8:_, %10:_
  %18:_(s1) = COPY %31:_(s1)
  %19:_(s1) = G_CONSTANT i1 false
  %21:_(s8), %22:_(s1), %23:_, %24:_, %25:_ = G_SBC %1:_, %8:_, %10:_
  %26:_(s1) = G_SELECT %25:_(s1), %10:_, %19:_
  %20:_(s1) = COPY %26:_(s1)
  %9:_(s1) = G_SELECT %18:_(s1), %20:_, %19:_
  %12:_(s8) = G_CONSTANT i8 1
  %11:_(s8) = G_SELECT %9:_(s1), %12:_, %8:_
  %13:_(s8) = G_XOR %11:_, %12:_
  %6:_(s8) = G_AND %13:_, %12:_
  $a = COPY %6:_(s8)
  $x = COPY %8:_(s8)
  RTS implicit $a, implicit $x

# End machine code for function f.

*** IR Dump After Analysis for ComputingKnownBits (gisel-known-bits) on f omitted because no change ***
*** IR Dump After MachineDominator Tree Construction (machinedomtree) on f omitted because no change ***
*** IR Dump After Analysis containing CSE Info (cseinfo) on f omitted because no change ***
*** IR Dump After MOSCombiner (mos-combiner) on f ***
# Machine code for function f: IsSSA, TracksLiveness, Legalized

bb.1.entry:
  liveins: $a, $x
  %1:_(s8) = COPY $a
  %2:_(s8) = COPY $x
  %8:_(s8) = G_CONSTANT i8 0
  %10:_(s1) = G_CONSTANT i1 true
  %27:_(s8), %28:_(s1), %29:_, %30:_, %31:_ = G_SBC %2:_, %8:_, %10:_
  %19:_(s1) = G_CONSTANT i1 false
  %21:_(s8), %22:_(s1), %23:_, %24:_, %25:_ = G_SBC %1:_, %8:_, %10:_
  %26:_(s1) = G_SELECT %25:_(s1), %10:_, %19:_
  %9:_(s1) = G_SELECT %31:_(s1), %26:_, %19:_
  %12:_(s8) = G_CONSTANT i8 1
  %13:_(s8) = G_SELECT %9:_(s1), %8:_, %12:_
  $a = COPY %13:_(s8)
  $x = COPY %8:_(s8)
  RTS implicit $a, implicit $x

# End machine code for function f.

*** IR Dump After Lower MOS Select pseudo-instruction (mos-lower-select) on f ***
# Machine code for function f: IsSSA, TracksLiveness, Legalized

bb.1.entry:
  successors: %bb.5(0x40000000), %bb.6(0x40000000); %bb.5(50.00%), %bb.6(50.00%)
  liveins: $a, $x
  %1:_(s8) = COPY $a
  %2:_(s8) = COPY $x
  %8:_(s8) = G_CONSTANT i8 0
  %10:_(s1) = G_CONSTANT i1 true
  %27:_(s8), %28:_(s1), %29:_, %30:_, %31:_ = G_SBC %2:_, %8:_, %10:_
  G_BRCOND_IMM %31:_(s1), %bb.5, 1
  G_BR %bb.6

bb.5.entry:
; predecessors: %bb.1
  successors: %bb.8(0x40000000), %bb.9(0x40000000); %bb.8(50.00%), %bb.9(50.00%)

  %21:_(s8), %22:_(s1), %23:_, %24:_, %25:_ = G_SBC %1:_, %8:_, %10:_
  G_BRCOND_IMM %25:_(s1), %bb.8, 1
  G_BR %bb.9

bb.8.entry:
; predecessors: %bb.5
  successors: %bb.2(0x80000000); %bb.2(100.00%)

  G_BR %bb.2

bb.9.entry:
; predecessors: %bb.5
  successors: %bb.10(0x80000000); %bb.10(100.00%)

  %19:_(s1) = G_CONSTANT i1 false
  G_BR %bb.10

bb.10.entry:
; predecessors: %bb.9
  successors: %bb.7(0x80000000); %bb.7(100.00%)

  G_BR %bb.7

bb.6.entry:
; predecessors: %bb.1
  successors: %bb.7(0x80000000); %bb.7(100.00%)

  G_BR %bb.7

bb.7.entry:
; predecessors: %bb.6, %bb.10
  successors: %bb.3(0x80000000); %bb.3(100.00%)

  G_BR %bb.3

bb.2.entry:
; predecessors: %bb.8
  successors: %bb.4(0x80000000); %bb.4(100.00%)

  G_BR %bb.4

bb.3.entry:
; predecessors: %bb.7
  successors: %bb.4(0x80000000); %bb.4(100.00%)

  %12:_(s8) = G_CONSTANT i8 1
  G_BR %bb.4

bb.4.entry:
; predecessors: %bb.2, %bb.3

  %13:_(s8) = G_PHI %8:_(s8), %bb.2, %12:_(s8), %bb.3
  $a = COPY %13:_(s8)
  $x = COPY %8:_(s8)
  RTS implicit $a, implicit $x

# End machine code for function f.

*** IR Dump After RegBankSelect (regbankselect) on f ***
# Machine code for function f: IsSSA, TracksLiveness, Legalized, RegBankSelected

bb.1.entry:
  successors: %bb.5(0x40000000), %bb.6(0x40000000); %bb.5(50.00%), %bb.6(50.00%)
  liveins: $a, $x
  %1:any(s8) = COPY $a
  %2:any(s8) = COPY $x
  %8:any(s8) = G_CONSTANT i8 0
  %10:any(s1) = G_CONSTANT i1 true
  %27:any(s8), %28:any(s1), %29:any, %30:any, %31:any = G_SBC %2:any, %8:any, %10:any
  G_BRCOND_IMM %31:any(s1), %bb.5, 1
  G_BR %bb.6

bb.5.entry:
; predecessors: %bb.1
  successors: %bb.8(0x40000000), %bb.9(0x40000000); %bb.8(50.00%), %bb.9(50.00%)

  %21:any(s8), %22:any(s1), %23:any, %24:any, %25:any = G_SBC %1:any, %8:any, %10:any
  G_BRCOND_IMM %25:any(s1), %bb.8, 1
  G_BR %bb.9

bb.8.entry:
; predecessors: %bb.5
  successors: %bb.2(0x80000000); %bb.2(100.00%)

  G_BR %bb.2

bb.9.entry:
; predecessors: %bb.5
  successors: %bb.10(0x80000000); %bb.10(100.00%)

  %19:any(s1) = G_CONSTANT i1 false
  G_BR %bb.10

bb.10.entry:
; predecessors: %bb.9
  successors: %bb.7(0x80000000); %bb.7(100.00%)

  G_BR %bb.7

bb.6.entry:
; predecessors: %bb.1
  successors: %bb.7(0x80000000); %bb.7(100.00%)

  G_BR %bb.7

bb.7.entry:
; predecessors: %bb.6, %bb.10
  successors: %bb.3(0x80000000); %bb.3(100.00%)

  G_BR %bb.3

bb.2.entry:
; predecessors: %bb.8
  successors: %bb.4(0x80000000); %bb.4(100.00%)

  G_BR %bb.4

bb.3.entry:
; predecessors: %bb.7
  successors: %bb.4(0x80000000); %bb.4(100.00%)

  %12:any(s8) = G_CONSTANT i8 1
  G_BR %bb.4

bb.4.entry:
; predecessors: %bb.2, %bb.3

  %13:any(s8) = G_PHI %8:any(s8), %bb.2, %12:any(s8), %bb.3
  $a = COPY %13:any(s8)
  $x = COPY %8:any(s8)
  RTS implicit $a, implicit $x

# End machine code for function f.

*** IR Dump After Localizer (localizer) on f ***
# Machine code for function f: IsSSA, TracksLiveness, Legalized, RegBankSelected

bb.1.entry:
  successors: %bb.5(0x40000000), %bb.6(0x40000000); %bb.5(50.00%), %bb.6(50.00%)
  liveins: $a, $x
  %1:any(s8) = COPY $a
  %2:any(s8) = COPY $x
  %10:any(s1) = G_CONSTANT i1 true
  %8:any(s8) = G_CONSTANT i8 0
  %27:any(s8), %28:any(s1), %29:any, %30:any, %31:any = G_SBC %2:any, %8:any, %10:any
  G_BRCOND_IMM %31:any(s1), %bb.5, 1
  G_BR %bb.6

bb.5.entry:
; predecessors: %bb.1
  successors: %bb.8(0x40000000), %bb.9(0x40000000); %bb.8(50.00%), %bb.9(50.00%)

  %32:any(s1) = G_CONSTANT i1 true
  %35:any(s8) = G_CONSTANT i8 0
  %21:any(s8), %22:any(s1), %23:any, %24:any, %25:any = G_SBC %1:any, %35:any, %32:any
  G_BRCOND_IMM %25:any(s1), %bb.8, 1
  G_BR %bb.9

bb.8.entry:
; predecessors: %bb.5
  successors: %bb.2(0x80000000); %bb.2(100.00%)

  G_BR %bb.2

bb.9.entry:
; predecessors: %bb.5
  successors: %bb.10(0x80000000); %bb.10(100.00%)

  %19:any(s1) = G_CONSTANT i1 false
  G_BR %bb.10

bb.10.entry:
; predecessors: %bb.9
  successors: %bb.7(0x80000000); %bb.7(100.00%)

  G_BR %bb.7

bb.6.entry:
; predecessors: %bb.1
  successors: %bb.7(0x80000000); %bb.7(100.00%)

  G_BR %bb.7

bb.7.entry:
; predecessors: %bb.6, %bb.10
  successors: %bb.3(0x80000000); %bb.3(100.00%)

  G_BR %bb.3

bb.2.entry:
; predecessors: %bb.8
  successors: %bb.4(0x80000000); %bb.4(100.00%)

  %34:any(s8) = G_CONSTANT i8 0
  G_BR %bb.4

bb.3.entry:
; predecessors: %bb.7
  successors: %bb.4(0x80000000); %bb.4(100.00%)

  %12:any(s8) = G_CONSTANT i8 1
  G_BR %bb.4

bb.4.entry:
; predecessors: %bb.2, %bb.3

  %13:any(s8) = G_PHI %34:any(s8), %bb.2, %12:any(s8), %bb.3
  $a = COPY %13:any(s8)
  %33:any(s8) = G_CONSTANT i8 0
  $x = COPY %33:any(s8)
  RTS implicit $a, implicit $x

# End machine code for function f.

*** IR Dump After Analysis for ComputingKnownBits (gisel-known-bits) on f omitted because no change ***
*** IR Dump After InstructionSelect (instruction-select) on f ***
# Machine code for function f: IsSSA, TracksLiveness, Legalized, RegBankSelected, Selected

bb.1.entry:
  successors: %bb.5(0x40000000), %bb.6(0x40000000); %bb.5(50.00%), %bb.6(50.00%)
  liveins: $a, $x
  %1:anyi8 = COPY $a
  %2:anyi8 = COPY $x
  CmpBrZero %bb.5, undef $z, 1, %2:anyi8, implicit-def $c
  JMP %bb.6

bb.5.entry:
; predecessors: %bb.1
  successors: %bb.8(0x40000000), %bb.9(0x40000000); %bb.8(50.00%), %bb.9(50.00%)

  CmpBrZero %bb.8, undef $z, 1, %1:anyi8, implicit-def $c
  JMP %bb.9

bb.8.entry:
; predecessors: %bb.5
  successors: %bb.2(0x80000000); %bb.2(100.00%)

  JMP %bb.2

bb.9.entry:
; predecessors: %bb.5
  successors: %bb.10(0x80000000); %bb.10(100.00%)

  JMP %bb.10

bb.10.entry:
; predecessors: %bb.9
  successors: %bb.7(0x80000000); %bb.7(100.00%)

  JMP %bb.7

bb.6.entry:
; predecessors: %bb.1
  successors: %bb.7(0x80000000); %bb.7(100.00%)

  JMP %bb.7

bb.7.entry:
; predecessors: %bb.6, %bb.10
  successors: %bb.3(0x80000000); %bb.3(100.00%)

  JMP %bb.3

bb.2.entry:
; predecessors: %bb.8
  successors: %bb.4(0x80000000); %bb.4(100.00%)

  %34:gpr = LDImm 0
  JMP %bb.4

bb.3.entry:
; predecessors: %bb.7
  successors: %bb.4(0x80000000); %bb.4(100.00%)

  %12:gpr = LDImm 1
  JMP %bb.4

bb.4.entry:
; predecessors: %bb.2, %bb.3

  %13:anyi8 = PHI %34:gpr, %bb.2, %12:gpr, %bb.3
  $a = COPY %13:anyi8
  %33:gpr = LDImm 0
  $x = COPY %33:gpr
  RTS implicit $a, implicit $x

# End machine code for function f.

*** IR Dump After ResetMachineFunction on f omitted because no change ***
*** IR Dump After Finalize ISel and expand pseudo-instructions (finalize-isel) on f omitted because no change ***
*** IR Dump After Lazy Machine Block Frequency Analysis (lazy-machine-block-freq) on f omitted because no change ***
*** IR Dump After Early Tail Duplication (early-tailduplication) on f ***
# Machine code for function f: IsSSA, TracksLiveness, Legalized, RegBankSelected, Selected

bb.1.entry:
  successors: %bb.5(0x40000000), %bb.3(0x40000000); %bb.5(50.00%), %bb.3(50.00%)
  liveins: $a, $x
  %1:anyi8 = COPY $a
  %2:anyi8 = COPY $x
  CmpBrZero %bb.5, undef $z, 1, %2:anyi8, implicit-def $c
  JMP %bb.3

bb.5.entry:
; predecessors: %bb.1
  successors: %bb.2(0x40000000), %bb.3(0x40000000); %bb.2(50.00%), %bb.3(50.00%)

  CmpBrZero %bb.2, undef $z, 1, %1:anyi8, implicit-def $c
  JMP %bb.3

bb.2.entry:
; predecessors: %bb.5
  successors: %bb.4(0x80000000); %bb.4(100.00%)

  %34:gpr = LDImm 0
  JMP %bb.4

bb.3.entry:
; predecessors: %bb.5, %bb.1
  successors: %bb.4(0x80000000); %bb.4(100.00%)

  %12:gpr = LDImm 1
  JMP %bb.4

bb.4.entry:
; predecessors: %bb.2, %bb.3

  %13:anyi8 = PHI %34:gpr, %bb.2, %12:gpr, %bb.3
  $a = COPY %13:anyi8
  %33:gpr = LDImm 0
  $x = COPY %33:gpr
  RTS implicit $a, implicit $x

# End machine code for function f.

*** IR Dump After Optimize machine instruction PHIs (opt-phis) on f omitted because no change ***
*** IR Dump After Slot index numbering (slotindexes) on f omitted because no change ***
*** IR Dump After Merge disjoint stack slots (stack-coloring) on f omitted because no change ***
*** IR Dump After Local Stack Slot Allocation (localstackalloc) on f omitted because no change ***
*** IR Dump After Remove dead machine instructions (dead-mi-elimination) on f omitted because no change ***
*** IR Dump After MachineDominator Tree Construction (machinedomtree) on f omitted because no change ***
*** IR Dump After Machine Natural Loop Construction (machine-loops) on f omitted because no change ***
*** IR Dump After Machine Block Frequency Analysis (machine-block-freq) on f omitted because no change ***
*** IR Dump After Early Machine Loop Invariant Code Motion (early-machinelicm) on f omitted because no change ***
*** IR Dump After MachineDominator Tree Construction (machinedomtree) on f omitted because no change ***
*** IR Dump After Machine Block Frequency Analysis (machine-block-freq) on f omitted because no change ***
*** IR Dump After Machine Common Subexpression Elimination (machine-cse) on f omitted because no change ***
*** IR Dump After MachinePostDominator Tree Construction (machinepostdomtree) on f omitted because no change ***
*** IR Dump After Machine Cycle Info Analysis (machine-cycles) on f omitted because no change ***
*** IR Dump After Machine code sinking (machine-sink) on f omitted because no change ***
*** IR Dump After Peephole Optimizations (peephole-opt) on f omitted because no change ***
*** IR Dump After Remove dead machine instructions (dead-mi-elimination) on f omitted because no change ***
*** IR Dump After MOS Copy Insertion (mos-insert-copies) on f omitted because no change ***
*** IR Dump After Detect Dead Lanes (detect-dead-lanes) on f omitted because no change ***
*** IR Dump After Init Undef Pass (init-undef) on f omitted because no change ***
*** IR Dump After Process Implicit Definitions (processimpdefs) on f omitted because no change ***
*** IR Dump After Remove unreachable machine basic blocks (unreachable-mbb-elimination) on f ***
# Machine code for function f: IsSSA, TracksLiveness, Legalized, RegBankSelected, Selected

bb.0.entry:
  successors: %bb.1(0x40000000), %bb.3(0x40000000); %bb.1(50.00%), %bb.3(50.00%)
  liveins: $a, $x
  %1:anyi8 = COPY $a
  %2:anyi8 = COPY $x
  CmpBrZero %bb.1, undef $z, 1, %2:anyi8, implicit-def $c
  JMP %bb.3

bb.1.entry:
; predecessors: %bb.0
  successors: %bb.2(0x40000000), %bb.3(0x40000000); %bb.2(50.00%), %bb.3(50.00%)

  CmpBrZero %bb.2, undef $z, 1, %1:anyi8, implicit-def $c
  JMP %bb.3

bb.2.entry:
; predecessors: %bb.1
  successors: %bb.4(0x80000000); %bb.4(100.00%)

  %34:gpr = LDImm 0
  JMP %bb.4

bb.3.entry:
; predecessors: %bb.1, %bb.0
  successors: %bb.4(0x80000000); %bb.4(100.00%)

  %12:gpr = LDImm 1
  JMP %bb.4

bb.4.entry:
; predecessors: %bb.2, %bb.3

  %13:anyi8 = PHI %34:gpr, %bb.2, %12:gpr, %bb.3
  $a = COPY %13:anyi8
  %33:gpr = LDImm 0
  $x = COPY %33:gpr
  RTS implicit $a, implicit $x

# End machine code for function f.

*** IR Dump After Live Variable Analysis (livevars) on f ***
# Machine code for function f: IsSSA, TracksLiveness, Legalized, RegBankSelected, Selected

bb.0.entry:
  successors: %bb.1(0x40000000), %bb.3(0x40000000); %bb.1(50.00%), %bb.3(50.00%)
  liveins: $a, $x
  %1:anyi8 = COPY killed $a
  %2:anyi8 = COPY killed $x
  CmpBrZero %bb.1, undef $z, 1, killed %2:anyi8, implicit-def dead $c
  JMP %bb.3

bb.1.entry:
; predecessors: %bb.0
  successors: %bb.2(0x40000000), %bb.3(0x40000000); %bb.2(50.00%), %bb.3(50.00%)

  CmpBrZero %bb.2, undef $z, 1, killed %1:anyi8, implicit-def dead $c
  JMP %bb.3

bb.2.entry:
; predecessors: %bb.1
  successors: %bb.4(0x80000000); %bb.4(100.00%)

  %34:gpr = LDImm 0
  JMP %bb.4

bb.3.entry:
; predecessors: %bb.1, %bb.0
  successors: %bb.4(0x80000000); %bb.4(100.00%)

  %12:gpr = LDImm 1
  JMP %bb.4

bb.4.entry:
; predecessors: %bb.2, %bb.3

  %13:anyi8 = PHI %34:gpr, %bb.2, %12:gpr, %bb.3
  $a = COPY killed %13:anyi8
  %33:gpr = LDImm 0
  $x = COPY killed %33:gpr
  RTS implicit killed $a, implicit killed $x

# End machine code for function f.

*** IR Dump After MachineDominator Tree Construction (machinedomtree) on f omitted because no change ***
*** IR Dump After Machine Natural Loop Construction (machine-loops) on f omitted because no change ***
*** IR Dump After Eliminate PHI nodes for register allocation (phi-node-elimination) on f ***
# Machine code for function f: NoPHIs, TracksLiveness, Legalized, RegBankSelected, Selected

bb.0.entry:
  successors: %bb.1(0x40000000), %bb.3(0x40000000); %bb.1(50.00%), %bb.3(50.00%)
  liveins: $a, $x
  %1:anyi8 = COPY killed $a
  %2:anyi8 = COPY killed $x
  CmpBrZero %bb.1, undef $z, 1, killed %2:anyi8, implicit-def dead $c
  JMP %bb.3

bb.1.entry:
; predecessors: %bb.0
  successors: %bb.2(0x40000000), %bb.3(0x40000000); %bb.2(50.00%), %bb.3(50.00%)

  CmpBrZero %bb.2, undef $z, 1, killed %1:anyi8, implicit-def dead $c
  JMP %bb.3

bb.2.entry:
; predecessors: %bb.1
  successors: %bb.4(0x80000000); %bb.4(100.00%)

  %34:gpr = LDImm 0
  %36:anyi8 = COPY killed %34:gpr
  JMP %bb.4

bb.3.entry:
; predecessors: %bb.1, %bb.0
  successors: %bb.4(0x80000000); %bb.4(100.00%)

  %12:gpr = LDImm 1
  %36:anyi8 = COPY killed %12:gpr
  JMP %bb.4

bb.4.entry:
; predecessors: %bb.2, %bb.3

  %13:anyi8 = COPY killed %36:anyi8
  $a = COPY killed %13:anyi8
  %33:gpr = LDImm 0
  $x = COPY killed %33:gpr
  RTS implicit killed $a, implicit killed $x

# End machine code for function f.

*** IR Dump After Two-Address instruction pass (twoaddressinstruction) on f ***
# Machine code for function f: NoPHIs, TracksLiveness, Legalized, RegBankSelected, Selected, TiedOpsRewritten

bb.0.entry:
  successors: %bb.1(0x40000000), %bb.3(0x40000000); %bb.1(50.00%), %bb.3(50.00%)
  liveins: $a, $x
  %1:anyi8 = COPY killed $a
  %2:anyi8 = COPY killed $x
  CmpBrZero %bb.1, undef $z, 1, killed %2:anyi8, implicit-def dead $c
  JMP %bb.3

bb.1.entry:
; predecessors: %bb.0
  successors: %bb.2(0x40000000), %bb.3(0x40000000); %bb.2(50.00%), %bb.3(50.00%)

  CmpBrZero %bb.2, undef $z, 1, killed %1:anyi8, implicit-def dead $c
  JMP %bb.3

bb.2.entry:
; predecessors: %bb.1
  successors: %bb.4(0x80000000); %bb.4(100.00%)

  %34:gpr = LDImm 0
  %36:anyi8 = COPY killed %34:gpr
  JMP %bb.4

bb.3.entry:
; predecessors: %bb.1, %bb.0
  successors: %bb.4(0x80000000); %bb.4(100.00%)

  %12:gpr = LDImm 1
  %36:anyi8 = COPY killed %12:gpr
  JMP %bb.4

bb.4.entry:
; predecessors: %bb.2, %bb.3

  %13:anyi8 = COPY killed %36:anyi8
  $a = COPY killed %13:anyi8
  %33:gpr = LDImm 0
  $x = COPY killed %33:gpr
  RTS implicit killed $a, implicit killed $x

# End machine code for function f.

*** IR Dump After Slot index numbering (slotindexes) on f omitted because no change ***
*** IR Dump After Live Interval Analysis (liveintervals) on f ***
# Machine code for function f: NoPHIs, TracksLiveness, Legalized, RegBankSelected, Selected, TiedOpsRewritten

bb.0.entry:
  successors: %bb.1(0x40000000), %bb.3(0x40000000); %bb.1(50.00%), %bb.3(50.00%)
  liveins: $a, $x
  %1:anyi8 = COPY $a
  %2:anyi8 = COPY $x
  CmpBrZero %bb.1, undef $z, 1, %2:anyi8, implicit-def dead $c
  JMP %bb.3

bb.1.entry:
; predecessors: %bb.0
  successors: %bb.2(0x40000000), %bb.3(0x40000000); %bb.2(50.00%), %bb.3(50.00%)

  CmpBrZero %bb.2, undef $z, 1, %1:anyi8, implicit-def dead $c
  JMP %bb.3

bb.2.entry:
; predecessors: %bb.1
  successors: %bb.4(0x80000000); %bb.4(100.00%)

  %34:gpr = LDImm 0
  %36:anyi8 = COPY %34:gpr
  JMP %bb.4

bb.3.entry:
; predecessors: %bb.1, %bb.0
  successors: %bb.4(0x80000000); %bb.4(100.00%)

  %12:gpr = LDImm 1
  %36:anyi8 = COPY %12:gpr
  JMP %bb.4

bb.4.entry:
; predecessors: %bb.2, %bb.3

  %13:anyi8 = COPY %36:anyi8
  $a = COPY %13:anyi8
  %33:gpr = LDImm 0
  $x = COPY %33:gpr
  RTS implicit $a, implicit $x

# End machine code for function f.

*** IR Dump After Register Coalescer (register-coalescer) on f ***
# Machine code for function f: NoPHIs, TracksLiveness, Legalized, RegBankSelected, Selected, TiedOpsRewritten

bb.0.entry:
  successors: %bb.1(0x40000000), %bb.3(0x40000000); %bb.1(50.00%), %bb.3(50.00%)
  liveins: $a, $x
  %1:anyi8 = COPY $a
  %2:anyi8 = COPY $x
  CmpBrZero %bb.1, undef $z, 1, %2:anyi8, implicit-def dead $c
  JMP %bb.3

bb.1.entry:
; predecessors: %bb.0
  successors: %bb.2(0x40000000), %bb.3(0x40000000); %bb.2(50.00%), %bb.3(50.00%)

  CmpBrZero %bb.2, undef $z, 1, %1:anyi8, implicit-def dead $c
  JMP %bb.3

bb.2.entry:
; predecessors: %bb.1
  successors: %bb.4(0x80000000); %bb.4(100.00%)

  %36:gpr = LDImm 0
  JMP %bb.4

bb.3.entry:
; predecessors: %bb.1, %bb.0
  successors: %bb.4(0x80000000); %bb.4(100.00%)

  %36:gpr = LDImm 1
  JMP %bb.4

bb.4.entry:
; predecessors: %bb.2, %bb.3

  $a = COPY %36:gpr
  %33:gpr = LDImm 0
  $x = COPY %33:gpr
  RTS implicit $a, implicit $x

# End machine code for function f.

*** IR Dump After Register Coalescer (register-coalescer) on f omitted because no change ***
*** IR Dump After Rename Disconnected Subregister Components (rename-independent-subregs) on f omitted because no change ***
*** IR Dump After Machine Instruction Scheduler (machine-scheduler) on f ***
# Machine code for function f: NoPHIs, TracksLiveness, Legalized, RegBankSelected, Selected, TiedOpsRewritten

bb.0.entry:
  successors: %bb.1(0x40000000), %bb.3(0x40000000); %bb.1(50.00%), %bb.3(50.00%)
  liveins: $a, $x
  %1:anyi8 = COPY $a
  %2:anyi8 = COPY $x
  CmpBrZero %bb.1, undef $z, 1, %2:anyi8, implicit-def dead $c
  JMP %bb.3

bb.1.entry:
; predecessors: %bb.0
  successors: %bb.2(0x40000000), %bb.3(0x40000000); %bb.2(50.00%), %bb.3(50.00%)

  CmpBrZero %bb.2, undef $z, 1, %1:anyi8, implicit-def dead $c
  JMP %bb.3

bb.2.entry:
; predecessors: %bb.1
  successors: %bb.4(0x80000000); %bb.4(100.00%)

  %36:gpr = LDImm 0
  JMP %bb.4

bb.3.entry:
; predecessors: %bb.1, %bb.0
  successors: %bb.4(0x80000000); %bb.4(100.00%)

  %36:gpr = LDImm 1
  JMP %bb.4

bb.4.entry:
; predecessors: %bb.2, %bb.3

  %33:gpr = LDImm 0
  $x = COPY %33:gpr
  $a = COPY %36:gpr
  RTS implicit $a, implicit $x

# End machine code for function f.

*** IR Dump After Machine Block Frequency Analysis (machine-block-freq) on f omitted because no change ***
*** IR Dump After Debug Variable Analysis (livedebugvars) on f ***
# Machine code for function f: NoPHIs, TracksLiveness, Legalized, RegBankSelected, Selected, TiedOpsRewritten, TracksDebugUserValues

bb.0.entry:
  successors: %bb.1(0x40000000), %bb.3(0x40000000); %bb.1(50.00%), %bb.3(50.00%)
  liveins: $a, $x
  %1:anyi8 = COPY $a
  %2:anyi8 = COPY $x
  CmpBrZero %bb.1, undef $z, 1, %2:anyi8, implicit-def dead $c
  JMP %bb.3

bb.1.entry:
; predecessors: %bb.0
  successors: %bb.2(0x40000000), %bb.3(0x40000000); %bb.2(50.00%), %bb.3(50.00%)

  CmpBrZero %bb.2, undef $z, 1, %1:anyi8, implicit-def dead $c
  JMP %bb.3

bb.2.entry:
; predecessors: %bb.1
  successors: %bb.4(0x80000000); %bb.4(100.00%)

  %36:gpr = LDImm 0
  JMP %bb.4

bb.3.entry:
; predecessors: %bb.1, %bb.0
  successors: %bb.4(0x80000000); %bb.4(100.00%)

  %36:gpr = LDImm 1
  JMP %bb.4

bb.4.entry:
; predecessors: %bb.2, %bb.3

  %33:gpr = LDImm 0
  $x = COPY %33:gpr
  $a = COPY %36:gpr
  RTS implicit $a, implicit $x

# End machine code for function f.

*** IR Dump After Live Stack Slot Analysis (livestacks) on f omitted because no change ***
*** IR Dump After Virtual Register Map (virtregmap) on f omitted because no change ***
*** IR Dump After Live Register Matrix (liveregmatrix) on f omitted because no change ***
*** IR Dump After Bundle Machine CFG Edges (edge-bundles) on f omitted because no change ***
*** IR Dump After Spill Code Placement Analysis (spill-code-placement) on f omitted because no change ***
*** IR Dump After Lazy Machine Block Frequency Analysis (lazy-machine-block-freq) on f omitted because no change ***
*** IR Dump After Machine Optimization Remark Emitter (machine-opt-remark-emitter) on f omitted because no change ***
*** IR Dump After Greedy Register Allocator (greedy) on f omitted because no change ***
*** IR Dump After Virtual Register Rewriter (virtregrewriter) on f ***
# Machine code for function f: NoPHIs, TracksLiveness, NoVRegs, Legalized, RegBankSelected, Selected, TiedOpsRewritten, TracksDebugUserValues

bb.0.entry:
  successors: %bb.1(0x40000000), %bb.3(0x40000000); %bb.1(50.00%), %bb.3(50.00%)
  liveins: $a, $x
  CmpBrZero %bb.1, undef $z, 1, killed renamable $x, implicit-def dead $c
  JMP %bb.3

bb.1.entry:
; predecessors: %bb.0
  successors: %bb.2(0x40000000), %bb.3(0x40000000); %bb.2(50.00%), %bb.3(50.00%)
  liveins: $a
  CmpBrZero %bb.2, undef $z, 1, killed renamable $a, implicit-def dead $c
  JMP %bb.3

bb.2.entry:
; predecessors: %bb.1
  successors: %bb.4(0x80000000); %bb.4(100.00%)

  renamable $a = LDImm 0
  JMP %bb.4

bb.3.entry:
; predecessors: %bb.1, %bb.0
  successors: %bb.4(0x80000000); %bb.4(100.00%)

  renamable $a = LDImm 1
  JMP %bb.4

bb.4.entry:
; predecessors: %bb.2, %bb.3
  liveins: $a
  renamable $x = LDImm 0
  RTS implicit $a, implicit $x

# End machine code for function f.

*** IR Dump After Register Allocation Pass Scoring (regallocscoringpass) on f omitted because no change ***
*** IR Dump After Stack Slot Coloring (stack-slot-coloring) on f omitted because no change ***
*** IR Dump After Machine Copy Propagation Pass (machine-cp) on f omitted because no change ***
*** IR Dump After Machine Loop Invariant Code Motion (machinelicm) on f omitted because no change ***
*** IR Dump After Remove Redundant DEBUG_VALUE analysis (removeredundantdebugvalues) on f omitted because no change ***
*** IR Dump After Fixup Statepoint Caller Saved (fixup-statepoint-caller-saved) on f omitted because no change ***
*** IR Dump After PostRA Machine Sink (postra-machine-sink) on f omitted because no change ***
*** IR Dump After Machine Block Frequency Analysis (machine-block-freq) on f omitted because no change ***
*** IR Dump After MachineDominator Tree Construction (machinedomtree) on f omitted because no change ***
*** IR Dump After MachinePostDominator Tree Construction (machinepostdomtree) on f omitted because no change ***
*** IR Dump After Lazy Machine Block Frequency Analysis (lazy-machine-block-freq) on f omitted because no change ***
*** IR Dump After Machine Optimization Remark Emitter (machine-opt-remark-emitter) on f omitted because no change ***
*** IR Dump After Shrink Wrapping analysis (shrink-wrap) on f omitted because no change ***
*** IR Dump After Lazy Machine Block Frequency Analysis (lazy-machine-block-freq) on f omitted because no change ***
*** IR Dump After Machine Optimization Remark Emitter (machine-opt-remark-emitter) on f omitted because no change ***
*** IR Dump After Prologue/Epilogue Insertion & Frame Finalization (prologepilog) on f omitted because no change ***
*** IR Dump After Machine Late Instructions Cleanup Pass (machine-latecleanup) on f omitted because no change ***
*** IR Dump After MachineDominator Tree Construction (machinedomtree) on f omitted because no change ***
*** IR Dump After Machine Natural Loop Construction (machine-loops) on f omitted because no change ***
*** IR Dump After Machine Block Frequency Analysis (machine-block-freq) on f omitted because no change ***
*** IR Dump After Control Flow Optimizer (branch-folder) on f ***
# Machine code for function f: NoPHIs, TracksLiveness, NoVRegs, Legalized, RegBankSelected, Selected, TiedOpsRewritten, TracksDebugUserValues

bb.0.entry:
  successors: %bb.1(0x40000000), %bb.3(0x40000000); %bb.1(50.00%), %bb.3(50.00%)
  liveins: $a, $x
  CmpBrZero %bb.3, undef $z, 0, killed renamable $x, implicit-def $c

bb.1.entry:
; predecessors: %bb.0
  successors: %bb.2(0x40000000), %bb.3(0x40000000); %bb.2(50.00%), %bb.3(50.00%)
  liveins: $a
  CmpBrZero %bb.3, undef $z, 0, killed renamable $a, implicit-def $c

bb.2.entry:
; predecessors: %bb.1
  successors: %bb.4(0x80000000); %bb.4(100.00%)

  renamable $a = LDImm 0
  JMP %bb.4

bb.3.entry:
; predecessors: %bb.1, %bb.0
  successors: %bb.4(0x80000000); %bb.4(100.00%)

  renamable $a = LDImm 1

bb.4.entry:
; predecessors: %bb.2, %bb.3
  liveins: $a
  renamable $x = LDImm 0
  RTS implicit $a, implicit $x

# End machine code for function f.

*** IR Dump After Lazy Machine Block Frequency Analysis (lazy-machine-block-freq) on f omitted because no change ***
*** IR Dump After Tail Duplication (tailduplication) on f ***
# Machine code for function f: NoPHIs, TracksLiveness, NoVRegs, Legalized, RegBankSelected, Selected, TiedOpsRewritten, TracksDebugUserValues

bb.0.entry:
  successors: %bb.1(0x40000000), %bb.3(0x40000000); %bb.1(50.00%), %bb.3(50.00%)
  liveins: $a, $x
  CmpBrZero %bb.3, undef $z, 0, killed renamable $x, implicit-def $c

bb.1.entry:
; predecessors: %bb.0
  successors: %bb.2(0x40000000), %bb.3(0x40000000); %bb.2(50.00%), %bb.3(50.00%)
  liveins: $a
  CmpBrZero %bb.3, undef $z, 0, killed renamable $a, implicit-def $c

bb.2.entry:
; predecessors: %bb.1

  renamable $a = LDImm 0
  renamable $x = LDImm 0
  RTS implicit $a, implicit $x

bb.3.entry:
; predecessors: %bb.1, %bb.0

  renamable $a = LDImm 1
  renamable $x = LDImm 0
  RTS implicit $a, implicit $x

# End machine code for function f.

*** IR Dump After Machine Copy Propagation Pass (machine-cp) on f omitted because no change ***
*** IR Dump After Optimize copies for MOS (mos-copy-opt) on f ***
# Machine code for function f: NoPHIs, TracksLiveness, NoVRegs, Legalized, RegBankSelected, Selected, TiedOpsRewritten, TracksDebugUserValues

bb.0.entry:
  successors: %bb.1(0x40000000), %bb.3(0x40000000); %bb.1(50.00%), %bb.3(50.00%)
  liveins: $a, $x
  CmpBrZero %bb.3, undef $z, 0, killed renamable $x, implicit-def dead $c

bb.1.entry:
; predecessors: %bb.0
  successors: %bb.2(0x40000000), %bb.3(0x40000000); %bb.2(50.00%), %bb.3(50.00%)
  liveins: $a
  CmpBrZero %bb.3, undef $z, 0, killed renamable $a, implicit-def dead $c

bb.2.entry:
; predecessors: %bb.1

  renamable $a = LDImm 0
  renamable $x = LDImm 0
  RTS implicit killed $a, implicit killed $x

bb.3.entry:
; predecessors: %bb.1, %bb.0

  renamable $a = LDImm 1
  renamable $x = LDImm 0
  RTS implicit killed $a, implicit killed $x

# End machine code for function f.

*** IR Dump After Post-RA pseudo instruction expansion pass (postrapseudos) on f ***
# Machine code for function f: NoPHIs, TracksLiveness, NoVRegs, Legalized, RegBankSelected, Selected, TiedOpsRewritten, TracksDebugUserValues

bb.0.entry:
  successors: %bb.1(0x40000000), %bb.3(0x40000000); %bb.1(50.00%), %bb.3(50.00%)
  liveins: $a, $x
  CmpZero killed renamable $x, implicit-def $c, implicit-def dead $c, implicit-def $z
  BR %bb.3, killed $z, 0

bb.1.entry:
; predecessors: %bb.0
  successors: %bb.2(0x40000000), %bb.3(0x40000000); %bb.2(50.00%), %bb.3(50.00%)
  liveins: $a
  CmpZero killed renamable $a, implicit-def $c, implicit-def dead $c, implicit-def $z
  BR %bb.3, killed $z, 0

bb.2.entry:
; predecessors: %bb.1

  renamable $a = LDImm 0
  renamable $x = LDImm 0
  RTS implicit killed $a, implicit killed $x

bb.3.entry:
; predecessors: %bb.1, %bb.0

  renamable $a = LDImm 1
  renamable $x = LDImm 0
  RTS implicit killed $a, implicit killed $x

# End machine code for function f.

*** IR Dump After Scavenge virtual registers emitted by post-RA pseudos (mos-scavenging) on f omitted because no change ***
*** IR Dump After Finalize ISel and expand pseudo-instructions (finalize-isel) on f omitted because no change ***
*** IR Dump After Post-RA pseudo instruction expansion pass (postrapseudos) on f omitted because no change ***
*** IR Dump After Scavenge virtual registers emitted by post-RA pseudos (mos-scavenging) on f omitted because no change ***
*** IR Dump After MOS Late Optimizations (mos-late-opt) on f ***
# Machine code for function f: NoPHIs, TracksLiveness, NoVRegs, Legalized, RegBankSelected, Selected, TiedOpsRewritten, TracksDebugUserValues

bb.0.entry:
  successors: %bb.1(0x40000000), %bb.3(0x40000000); %bb.1(50.00%), %bb.3(50.00%)
  liveins: $a, $x
  dead $c = CMPImm $x, 0, implicit-def $nz
  BR %bb.3, killed $z, 0

bb.1.entry:
; predecessors: %bb.0
  successors: %bb.2(0x40000000), %bb.3(0x40000000); %bb.2(50.00%), %bb.3(50.00%)
  liveins: $a
  dead $x = TA $a, implicit-def $nz
  BR %bb.3, killed $z, 0

bb.2.entry:
; predecessors: %bb.1

  renamable $a = LDImm 0
  renamable $x = TA $a
  RTS implicit killed $a, implicit killed $x

bb.3.entry:
; predecessors: %bb.1, %bb.0

  renamable $a = LDImm 1
  renamable $x = LDImm 0
  RTS implicit killed $a, implicit killed $x

# End machine code for function f.

*** IR Dump After Analyze Machine Code For Garbage Collection (gc-analysis) on f omitted because no change ***
*** IR Dump After MachineDominator Tree Construction (machinedomtree) on f omitted because no change ***
*** IR Dump After Machine Natural Loop Construction (machine-loops) on f omitted because no change ***
*** IR Dump After Machine Block Frequency Analysis (machine-block-freq) on f omitted because no change ***
*** IR Dump After MachinePostDominator Tree Construction (machinepostdomtree) on f omitted because no change ***
*** IR Dump After Branch Probability Basic Block Placement (block-placement) on f omitted because no change ***
*** IR Dump After Insert fentry calls (fentry-insert) on f omitted because no change ***
*** IR Dump After Insert XRay ops (xray-instrumentation) on f omitted because no change ***
*** IR Dump After Implement the 'patchable-function' attribute (patchable-function) on f omitted because no change ***
*** IR Dump After Branch relaxation pass (branch-relaxation) on f omitted because no change ***
*** IR Dump After Contiguously Lay Out Funclets (funclet-layout) on f omitted because no change ***
*** IR Dump After Remove Loads Into Fake Uses (remove-loads-into-fake-uses) on f omitted because no change ***
*** IR Dump After StackMap Liveness Analysis (stackmap-liveness) on f omitted because no change ***
*** IR Dump After Live DEBUG_VALUE analysis (livedebugvalues) on f omitted because no change ***
*** IR Dump After Machine Sanitizer Binary Metadata (machine-sanmd) on f omitted because no change ***
*** IR Dump After Lazy Machine Block Frequency Analysis (lazy-machine-block-freq) on f omitted because no change ***
*** IR Dump After Machine Optimization Remark Emitter (machine-opt-remark-emitter) on f omitted because no change ***
*** IR Dump After Stack Frame Layout Analysis (stack-frame-layout) on f omitted because no change ***
*** IR Dump After Unnamed pass: implement Pass::getPassName() on f omitted because no change ***
